../Core/Inc/uros/uros_init.cpp:48:6:void uros_init()	40	static
../Core/Inc/uros/uros_init.cpp:70:6:void uros_agent_status_check()	8	static
../Core/Inc/uros/uros_init.cpp:92:6:void handle_state_agent_waiting()	8	static
../Core/Inc/uros/uros_init.cpp:95:6:void handle_state_agent_available()	8	static
../Core/Inc/uros/uros_init.cpp:104:6:void handle_state_agent_connected()	16	static
../Core/Inc/uros/uros_init.cpp:121:6:void handle_state_agent_trying()	8	static
../Core/Inc/uros/uros_init.cpp:133:6:void handle_state_agent_disconnected()	8	static
../Core/Inc/uros/uros_init.cpp:140:6:void uros_create_entities()	48	static
../Core/Inc/uros/uros_init.cpp:238:6:void uros_destroy_entities()	16	static
../Core/Inc/uros/uros_init.cpp:260:6:void cmd_vel_sub_cb(const void*)	32	static
../Core/Inc/uros/uros_init.cpp:315:6:void update_pose(float, float, float, float, float, float)	32	static
../Core/Inc/uros/uros_init.cpp:331:6:void pose_pub_timer_cb(rcl_timer_t*, int64_t)	32	static
../Core/Inc/uros/uros_init.cpp:345:6:void cmd_arm_sub_cb(const void*)	24	static
