../Core/Src/main.c:104:5:main	8	static
../Core/Src/main.c:194:6:SystemClock_Config	88	static
../Core/Src/main.c:236:13:MX_ADC1_Init	24	static
../Core/Src/main.c:288:13:MX_I2C1_Init	8	static
../Core/Src/main.c:322:13:MX_TIM1_Init	56	static
../Core/Src/main.c:372:13:MX_TIM2_Init	56	static
../Core/Src/main.c:421:13:MX_TIM3_Init	56	static
../Core/Src/main.c:470:13:MX_TIM4_Init	56	static
../Core/Src/main.c:519:13:MX_TIM5_Init	32	static
../Core/Src/main.c:564:13:MX_TIM8_Init	80	static
../Core/Src/main.c:641:13:MX_USART2_UART_Init	8	static
../Core/Src/main.c:672:13:MX_DMA_Init	16	static
../Core/Src/main.c:693:13:MX_GPIO_Init	40	static
../Core/Src/main.c:759:13:StartDefaultTask	16	static
../Core/Src/main.c:778:13:HAL_TIM_PeriodElapsedCallback	16	static
../Core/Src/main.c:796:6:Error_Handler	4	static,ignoring_inline_asm
