/home/terry/stm32_ws/tdk_chassis_2/tdk_chassis_microros/Core/Inc/Control_Lib/chassis_ctrl/Inc/chassis.hpp:29:9:Chassis::Chassis(MotorController*, MotorController*, MotorController*, MotorController*)	24	static
../Core/Inc/Control_Lib/chassis_ctrl/Src/chassis_monitor.cpp:30:6:void chassis_monitor()	8	static
../Core/Inc/Control_Lib/chassis_ctrl/Src/chassis_monitor.cpp:39:6:void chassis_set_speed(float, float, float)	24	static
../Core/Inc/Control_Lib/chassis_ctrl/Src/chassis_monitor.cpp:45:6:void chassis_give_speed()	4	static
../Core/Inc/Control_Lib/chassis_ctrl/Src/chassis_monitor.cpp:50:1:void __static_initialization_and_destruction_0()	16	static
../Core/Inc/Control_Lib/chassis_ctrl/Src/chassis_monitor.cpp:50:1:cpp)	8	static
