/home/terry/stm32_ws/tdk_chassis_2/tdk_chassis_microros/Core/Inc/Control_Lib/motor_ctrl/Inc/motor_ctrl.hpp:18:5:MotorController::MotorController(TIM_HandleTypeDef*, TIM_HandleTypeDef*, uint32_t, GPIO_TypeDef*, uint16_t, double, double, double)	48	static
../Core/Inc/Control_Lib/motor_ctrl/Src/motor_monitor.cpp:37:6:void motor_init()	8	static
../Core/Inc/Control_Lib/motor_ctrl/Src/motor_monitor.cpp:44:6:void motor_monitor()	8	static
../Core/Inc/Control_Lib/motor_ctrl/Src/motor_monitor.cpp:53:1:void __static_initialization_and_destruction_0()	16	static
../Core/Inc/Control_Lib/motor_ctrl/Src/motor_monitor.cpp:53:1:cpp)	8	static
