/home/terry/stm32_ws/tdk_chassis_2/tdk_chassis_microros/Core/Inc/Control_Lib/motor_ctrl/Inc/motor_ctrl.hpp:24:3:MotorController::MotorController(TIM_HandleTypeDef*, TIM_HandleTypeDef*, uint32_t, GPIO_TypeDef*, uint16_t, GPIO_TypeDef*, uint16_t, double, double, double)	48	static
../Core/Inc/Control_Lib/motor_ctrl/Src/motor_monitor.cpp:45:6:void motor_init()	8	static
../Core/Inc/Control_Lib/motor_ctrl/Src/motor_monitor.cpp:52:6:void motor_monitor()	8	static
../Core/Inc/Control_Lib/motor_ctrl/Src/motor_monitor.cpp:57:1:void __static_initialization_and_destruction_0()	24	static
../Core/Inc/Control_Lib/motor_ctrl/Src/motor_monitor.cpp:57:1:cpp)	8	static
